// Jest Snapshot v1, https://goo.gl/fbAQLP

exports[`Should render an expense item 1`] = `
<div>
  <Link
    to="/edit/1"
  >
    <h3>
      Gum
    </h3>
  </Link>
  <p>
    $180.00
    -
    January 1st 1970
  </p>
</div>
`;
